
================================================================================
Run at: 2026-01-25T16:19:01.248144
Processed: 1/1 repositories
Base dir: /Users/noamfavier/Neoware
================================================================================

================================================================================
Run at: 2026-01-25T16:23:05.200658
Processed: 1/1 repositories
Base dir: /Users/noamfavier/Neoware
================================================================================

================================================================================
Run at: 2026-01-25T16:27:16.562752
Processed: 46/46 repositories
Base dir: /Users/noamfavier/Neoware
================================================================================

================================================================================
Run at: 2026-01-25T16:27:34.858649
Processed: 46/46 repositories
Base dir: /Users/noamfavier/Neoware
Mode: STATUS ONLY
Display: COMPACT
================================================================================

================================================================================
Run at: 2026-01-25T16:28:05.936189
Processed: 46/46 repositories
Base dir: /Users/noamfavier/Neoware
Mode: STATUS ONLY
Display: COMPACT
================================================================================

================================================================================
Run at: 2026-01-25T16:28:12.507667
Processed: 46/46 repositories
Base dir: /Users/noamfavier/Neoware
Mode: DRY RUN
================================================================================

================================================================================
Run at: 2026-01-25T16:42:02.957703
Processed: 1/1 repositories
Base dir: /Users/noamfavier/Neoware
================================================================================
