
================================================================================
Run at: 2026-02-08T12:25:13.431133
Processed: 47/47 repositories
Base dir: /Users/noamfavier/Neoware
================================================================================

================================================================================
Run at: 2026-02-08T12:26:47.102751
Processed: 47/47 repositories
Base dir: /Users/noamfavier/Neoware
Mode: STATUS ONLY
Display: COMPACT
================================================================================

================================================================================
Run at: 2026-02-08T12:27:09.697908
Processed: 1/1 repositories
Base dir: /Users/noamfavier/Neoware
================================================================================

================================================================================
Run at: 2026-02-08T12:27:43.161789
Processed: 46/46 repositories
Base dir: /Users/noamfavier/Neoware
================================================================================
