
================================================================================
Run at: 2026-02-16T13:24:46.182499
Processed: 47/47 repositories
Base dir: /Users/noamfavier/Neoware
Mode: STATUS ONLY
================================================================================

================================================================================
Run at: 2026-02-16T13:24:51.412153
Processed: 1/1 repositories
Base dir: /Users/noamfavier/Neoware
Mode: STATUS ONLY
================================================================================

================================================================================
Run at: 2026-02-16T13:25:13.666744
Processed: 1/1 repositories
Base dir: /Users/noamfavier/Neoware
================================================================================

================================================================================
Run at: 2026-02-16T16:54:17.084855
Processed: 1/1 repositories
Base dir: /Users/noamfavier/Neoware
================================================================================

================================================================================
Run at: 2026-02-16T18:20:39.190809
Processed: 49/49 repositories
Base dir: /Users/noamfavier/Neoware
Mode: STATUS ONLY
================================================================================
