
================================================================================
Run at: 2026-02-12T04:00:31.993137
Processed: 1/1 repositories
Base dir: /Users/noamfavier/Neoware
Mode: STATUS ONLY
================================================================================

================================================================================
Run at: 2026-02-12T04:04:58.248317
Processed: 1/1 repositories
Base dir: /Users/noamfavier/Neoware
================================================================================

================================================================================
Run at: 2026-02-12T04:09:12.902231
Processed: 1/1 repositories
Base dir: /Users/noamfavier/Neoware
================================================================================

================================================================================
Run at: 2026-02-12T04:13:28.602044
Processed: 1/1 repositories
Base dir: /Users/noamfavier/Neoware
Mode: DRY RUN
================================================================================

================================================================================
Run at: 2026-02-12T04:13:43.427007
Processed: 1/1 repositories
Base dir: /Users/noamfavier/Neoware
================================================================================

================================================================================
Run at: 2026-02-12T04:17:23.469843
Processed: 1/1 repositories
Base dir: /Users/noamfavier/Neoware
================================================================================

================================================================================
Run at: 2026-02-12T04:23:42.690634
Processed: 0/1 repositories
Base dir: /Users/noamfavier/Neoware
================================================================================

================================================================================
Run at: 2026-02-12T04:24:56.399392
Processed: 0/1 repositories
Base dir: /Users/noamfavier/Neoware
================================================================================

================================================================================
Run at: 2026-02-12T04:32:46.402858
Processed: 1/1 repositories
Base dir: /Users/noamfavier/Neoware
================================================================================

================================================================================
Run at: 2026-02-12T04:35:15.855782
Processed: 1/1 repositories
Base dir: /Users/noamfavier/Neoware
================================================================================

================================================================================
Run at: 2026-02-12T04:37:19.474237
Processed: 1/1 repositories
Base dir: /Users/noamfavier/Neoware
================================================================================

================================================================================
Run at: 2026-02-12T04:40:52.504660
Processed: 1/1 repositories
Base dir: /Users/noamfavier/Neoware
================================================================================

================================================================================
Run at: 2026-02-12T04:41:25.684961
Processed: 0/1 repositories
Base dir: /Users/noamfavier/Neoware
================================================================================

================================================================================
Run at: 2026-02-12T04:42:02.856286
Processed: 0/1 repositories
Base dir: /Users/noamfavier/Neoware
================================================================================

================================================================================
Run at: 2026-02-12T04:43:27.137366
Processed: 47/47 repositories
Base dir: /Users/noamfavier/Neoware
Mode: STATUS ONLY
================================================================================

================================================================================
Run at: 2026-02-12T04:43:33.630649
Processed: 2/2 repositories
Base dir: /Users/noamfavier/Neoware
Mode: STATUS ONLY
================================================================================

================================================================================
Run at: 2026-02-12T04:43:44.013913
Processed: 1/1 repositories
Base dir: /Users/noamfavier/Neoware
================================================================================

================================================================================
Run at: 2026-02-12T04:45:31.508952
Processed: 1/1 repositories
Base dir: /Users/noamfavier/Neoware
================================================================================

================================================================================
Run at: 2026-02-12T21:20:16.001384
Processed: 1/1 repositories
Base dir: /Users/noamfavier/Neoware
================================================================================
