
================================================================================
Run at: 2025-12-31T14:31:20.293839
Processed: 46/46 repositories
Base dir: /Users/noamfavier/Neoware
================================================================================

================================================================================
Run at: 2025-12-31T14:31:38.890006
Processed: 1/1 repositories
Base dir: /Users/noamfavier/Neoware
================================================================================

================================================================================
Run at: 2025-12-31T14:33:43.435540
Processed: 46/46 repositories
Base dir: /Users/noamfavier/Neoware
Mode: STATUS ONLY
Display: COMPACT
================================================================================

================================================================================
Run at: 2025-12-31T14:35:30.839503
Processed: 46/46 repositories
Base dir: /Users/noamfavier/Neoware
Mode: STATUS ONLY
Display: COMPACT
================================================================================
